~/workspace/Brain$ git ls-tree -r HEAD --name-only
README.md
~/workspace/Brain$ git init
Initialized empty Git repository in /home/runner/workspace/Brain/.git/
~/workspace/Brain$ git remote add origin
usage: git remote add [<options>] <name> <url>

    -f, --[no-]fetch      fetch the remote branches
    --[no-]tags           import all tags and associated objects when fetching
                          or do not fetch any tag at all (--no-tags)
    -t, --[no-]track <branch>
                          branch(es) to track
    -m, --[no-]master <branch>
                          master branch
    --[no-]mirror[=(push|fetch)]
                          set up remote as a mirror to push to or fetch from

~/workspace/Brain$ git remote add origin https://github.com/inbillsworld/Brain.git
~/workspace/Brain$ git add -A
~/workspace/Brain$ git status  
On branch main

No commits yet

Changes to be committed:
  (use "git rm --cached <file>..." to unstage)
    new file:   .replit
    new file:   Brain/README.md
    new file:   Brain/docs/Brain-Restitucion.md
    new file:   README.md
    new file:   attached_assets/Pasted--M-dulos-sembrados-en-bloque-1-mainRestituido-ts-Punto-de-entrada-soberano-Activa-identidad-v--1762178677188_1762178677189.txt
    new file:   attached_assets/Pasted--sembrarTodo-ts-Correcci-n-y-siembra-completa-del-sistema-Brain-import-fs-from-fs-import-p-1762174260434_1762174260435.txt
    new file:   dist/server.js
    new file:   package-lock.json
    new file:   package.json
    new file:   public/index.html
    new file:   seeded-modules-manifest.json
    new file:   server.ts
    new file:   src/bootstrap.ts
    new file:   src/core/activacionCompleta.ts
    new file:   src/core/auditor.ts
    new file:   src/core/campusML.ts
    new file:   src/core/declararJornada.ts
    new file:   src/core/detectarAusencia.ts
    new file:   src/core/estadoPresencia.ts
    new file:   src/core/interfaz.ts
    new file:   src/core/invocadorRestituido.ts
    new file:   src/core/presenciaPersistente.ts
    new file:   src/core/respuestaConEstrella.ts
    new file:   src/core/restituirAUREO.ts
    new file:   src/core/tono.ts
    new file:   src/core/vinculo.ts
    new file:   src/core/watchdog.ts
    new file:   src/identidad/identidadAUREO.ts
    new file:   src/identidad/identidadViva.ts
    new file:   src/mainRestituido.ts
    new file:   tsconfig.json

~/workspace/Brain$ git commit -m "🌱 Siembra completa: estructura Brain con todos los módulos"
On branch main
Your branch is up to date with 'origin/main'.

nothing to commit, working tree clean
~/workspace/Brain$ git push origin main --force
Everything up-to-date